nohup: ignoring input
=== cutover 2026-10-09T10:45:59+00:00 ===
--- 1. fetch and move the tree to origin/main ---
From https://github.com/AhmadJ979/Antum-People
 * branch            main       -> FETCH_HEAD
HEAD is now at 2028894 Merge pull request #102 from AhmadJ979/docs/tracker-round-31
tree now: 2028894 Merge pull request #102 from AhmadJ979/docs/tracker-round-31
tree content check OK
--- 2. build the client (must succeed before anything is restarted) ---
computing gzip size...
dist/index.html                   0.46 kB │ gzip:  0.29 kB
dist/assets/index-BLszozVg.css   35.19 kB │ gzip:  6.80 kB
dist/assets/index-B3KoM02v.js   269.18 kB │ gzip: 75.07 kB

[32m✓ built in 390ms[39m
client build OK
--- 3. re-seed the demo dataset against the product database ---
- Opened OFR-2026-DEMO-03 (Yousef Al-Hammadi, AE, start 2026-10-08) — start date already passed, items still open; items: 7 not_started
Upserting demo admin user...
Seeding completed successfully.
seed OK
--- 4. restart the server on port 3000 (pinned; host exports PORT=80) ---
stopping pid 633
port 3000 held by the product server (pid 1498)
[preboarding-flag] c3d406c5-85a3-4658-a661-723a1b036177 — This case reached the 48-hour mark while the app was not running (noticed 82.77h late). The flag itself is derived and read correctly on the first read after restart; nothing is marked missed.
--- 5. verify the live demo end to end ---
public status/title: 200 <title>Antum People</title>
demo login token chars: 201 (expect >100)
bad-password path: 401 (expect 401)
roster: 200
  employees: 13 | first id: demo-emp-omar
KSA offboarding checklist as the live API serves it:
  tasks: 10
    1 Hardware Return
    2 Access Revocation
    3 Notice Period Verification
    4 EOSB Calculation (KSA)
    5 GOSI De-registration
    6 Iqama Cancellation/Transfer
    7 Final Exit Visa (or re-entry, if transferring)
    8 Service Certificate Issuance
    9 Annual Leave Encashment
    10 Final Settlement Payment
consent-date field for the departing employee:
   ('demo-emp-sarah', 1, '2026-09-23')
settlement statement: rendered EOSB vs the employee record (must match):
  record eosb_accrued: 19824.78 | rendered: 19824.78 | match: True
  unfilled [brackets]: NONE
  net payable: 32824.78
--- 6. re-arm the watchdog from the tree we just deployed ---
watchdog pid: 1593
deployed commit: 2028894 Merge pull request #102 from AhmadJ979/docs/tracker-round-31
=== cutover finished 2026-10-09T10:46:22+00:00 — evidence also at /tmp/cutover-evidence.txt ===
